// Jest Snapshot v1, https://jestjs.io/docs/snapshot-testing

exports[`pruebas para CounterApp debe probar que el snapshot sea igual 1`] = `
<div>
  <h1>
    CounterApp
  </h1>
  <h2>
     
    100
     
  </h2>
  <button>
    +1
  </button>
  <button>
    -1
  </button>
  <button>
    Reset
  </button>
</div>
`;
